1785763343.208212347 1 1588.00 853.00
1785763344.518600087 1 1513.00 984.00
1785763356.190519876 5 1450.00 773.00
1785763356.196212025 5 1451.00 772.00
1785763367.837518178 1 1471.00 303.00
1785763387.607095074 1 1796.00 135.00
1785763389.120627060 1 1806.00 135.00
1785763390.853183831 1 1297.00 389.00
1785763393.267920163 1 1264.00 485.00
1785763398.162045467 1 1656.00 281.00
1785763399.345453120 1 1800.00 136.00
1785763400.657550873 1 1257.00 392.00
1785763403.446407998 1 1332.00 719.00
1785763415.421655677 1 1312.00 917.00
1785763423.900357135 1 931.00 695.00
1785763425.449090803 1 1270.00 585.00
1785763426.462839679 1 1277.00 499.00
1785763427.614175505 1 1236.00 508.00
1785763429.848247524 1 1251.00 959.00
1785763438.927236139 1 1366.00 660.00
1785763439.774040808 1 1341.00 643.00
1785763455.349525868 1 1562.00 664.00
1785763472.398798330 1 1724.00 772.00
1785763473.520670332 1 1351.00 492.00
1785763478.211168874 1 1603.00 982.00
1785763482.440853735 5 1374.00 638.00
1785763482.444915027 5 1372.00 639.00
1785763496.361169118 1 1229.00 960.00
1785763516.824396063 1 1383.00 972.00
1785763563.099853637 1 1542.00 655.00
1785763566.722525245 1 1185.00 455.00
1785763567.986226945 1 1105.00 405.00
1785763567.989822793 1 1105.00 405.00
1785763572.209254933 1 1337.00 703.00
1785763573.057501661 1 1358.00 576.00
1785763573.840043991 1 1277.00 481.00
1785763574.216537991 1 1278.00 491.00
1785763575.162744258 1 1233.00 502.00
1785763575.895057422 1 1156.00 410.00
1785763576.415145307 1 1156.00 410.00
1785763577.550299717 1 1470.00 394.00
1785763584.492947781 1 1477.00 269.00
1785763587.452620630 1 1359.00 971.00
1785763612.754784600 1 1410.00 918.00
1785763668.520772111 1 1356.00 979.00
1785763676.840490275 1 1688.00 330.00
1785763698.312438442 1 1673.00 463.00
1785763699.258479836 1 1811.00 134.00
1785763700.887862913 1 1277.00 392.00
1785763701.895095709 1 1266.00 484.00
1785763717.501299104 1 1683.00 375.00
1785763719.420462540 1 1813.00 134.00
1785763720.700905433 1 1277.00 383.00
1785763722.445720695 1 1453.00 981.00
1785763777.693673184 1 1745.00 927.00
1785763803.152875160 1 1406.00 970.00
1785763923.578019252 1 1707.00 913.00
1785763956.918208004 1 1559.00 798.00
1785763963.044083014 5 1467.00 814.00
1785763963.048366586 5 1470.00 811.00
1785763968.179896544 5 565.00 611.00
1785763968.183683697 5 565.00 611.00
1785763968.282536634 5 568.00 610.00
1785763968.689619196 5 585.00 599.00
1785763968.693866250 5 585.00 599.00
1785763969.090552318 5 585.00 599.00
1785763969.097393582 5 587.00 598.00
1785763969.100853171 5 587.00 598.00
1785763969.553602490 5 587.00 598.00
1785763969.559232317 5 589.00 596.00
1785763969.965337522 5 589.00 596.00
1785763969.968659644 5 589.00 596.00
1785763970.186176515 4 596.00 596.00
1785763970.189648687 4 597.00 595.00
1785763970.243171771 4 597.00 595.00
1785763970.250277573 4 597.00 595.00
1785763970.428948441 4 598.00 594.00
1785763970.597095429 4 605.00 591.00
1785763970.600873548 4 605.00 591.00
1785763970.650349981 4 605.00 591.00
1785763970.653666905 4 605.00 591.00
1785763970.657245150 4 604.00 591.00
1785763970.996669700 4 606.00 590.00
1785763971.113165014 4 606.00 590.00
1785763971.117247578 4 606.00 590.00
1785763971.120984416 4 606.00 590.00
1785763971.866794487 4 606.00 590.00
1785764234.777026974 1 1666.00 719.00
