1785676782.536522313 1 565.00 534.00
1785676783.696953084 1 578.00 452.00
1785676786.681230245 1 524.00 464.00
1785676787.032223016 1 524.00 449.00
1785676787.920375844 1 769.00 277.00
1785676827.353486050 4 333.00 723.00
1785676828.615828659 1 813.00 740.00
1785676832.799701668 1 579.00 521.00
1785676834.160291471 1 596.00 442.00
1785676836.456522555 1 530.00 447.00
1785676838.015370926 1 391.00 355.00
1785676842.183817902 1 745.00 359.00
1785676849.720934634 1 614.00 455.00
1785676850.791884557 5 1829.00 792.00
1785676850.794928310 5 1830.00 793.00
1785676850.798029239 5 1832.00 794.00
1785676851.040294654 5 1835.00 795.00
1785676851.199298353 5 1824.00 914.00
1785676851.262876772 5 1820.00 923.00
1785676851.265351125 5 1820.00 923.00
1785676851.335646521 5 1818.00 927.00
1785676852.050769296 1 1770.00 958.00
1785676852.632090373 3 1771.00 963.00
1785676853.647210866 1 1650.00 1043.00
1785676890.519310764 1 506.00 350.00
1785676891.391751462 1 778.00 355.00
1785676894.798340651 1 1771.00 979.00
1785676899.623475617 1 1883.00 1011.00
